// Jest Snapshot v1, https://goo.gl/fbAQLP

exports[`Renders Title with children 1`] = `
<DocumentFragment>
  .c0 h1,
.c0 h2,
.c0 h3,
.c0 h4,
.c0 h5,
.c0 h6 {
  padding-bottom: 20px;
}

<h1
    class="c0"
  >
    Hello World
  </h1>
</DocumentFragment>
`;
